// Jest Snapshot v1, https://goo.gl/fbAQLP

exports[`Pruebas en el componente de GifItem.jsx debe de hacer match con el snapshot 1`] = `
<div>
  <div
    class="card"
  >
    <img
      alt="Adventure Time"
      src="https://adventure/unaImagen.jpg"
    />
    <p>
      Adventure Time
    </p>
  </div>
</div>
`;
